// Jest Snapshot v1, https://goo.gl/fbAQLP

exports[`HelloWorld.vue is stable 1`] = `
<div class="hello">
  <h1>Component is stable</h1>
  <p> For a guide and recipes on how to configure / customize this project,<br> check out the <a href="https://cli.vuejs.org" target="_blank" rel="noopener">vue-cli documentation</a>. </p>
</div>
`;
